I'm sorry, but errors were detected in your script. Please correct the
errors listed below, and try again.


File "game/screens.rpy", line 559: 'init' is not a keyword argument or valid child of the for statement.
    init python:
        ^

Ren'Py Version: Ren'Py 8.1.0.23051307
Sun Jun  4 00:50:39 2023
